test_odes_sonic.test_radial_momentum__<Function 'test_radial_momentum'><class 'numpy.float64'>.out