test_odes.test_dae_continuity__<Function 'test_dae_continuity'><class 'numpy.float64'>.out