test_mod_hydro.test_continuity__<Function test_continuity><class 'numpy.float64'>.out