test_odes.test_dae_radial_momentum__<Function 'test_dae_radial_momentum'><class 'numpy.float64'>.out