test_mod_hydro.test_E_φ__<Function test_E_φ><class 'numpy.float64'>.out