test_odes_sonic.test_dae_polar_momentum__<Function 'test_dae_polar_momentum'><class 'numpy.float64'>.out