test_hydrostatic.test_azimuthal_induction_numeric__<Function test_azimuthal_induction_numeric><class 'numpy.float64'>.out