test_odes.test_dae_azimuthal_mometum__<Function 'test_dae_azimuthal_mometum'><class 'numpy.float64'>.out