test_hydrostatic.test_solenoid__<Function test_solenoid><class 'numpy.float64'>.out