test_odes.test_azimuthal_mometum__<Function 'test_azimuthal_mometum'><class 'numpy.float64'>.out