test_mod_hydro.test_polar_momentum__<Function test_polar_momentum><class 'numpy.float64'>.out