test_odes_sonic.test_azimuthal_mometum__<Function 'test_azimuthal_mometum'><class 'numpy.float64'>.out