test_odes_sonic.test_continuity__<Function 'test_continuity'><class 'numpy.float64'>.out