test_odes_sonic.test_dae_azimuthal_induction__<Function 'test_dae_azimuthal_induction'><class 'numpy.float64'>.out