test_odes.test_polar_induction__<Function 'test_polar_induction'><class 'numpy.float64'>.out