test_odes_sonic.test_dae_solenoid__<Function 'test_dae_solenoid'><class 'numpy.float64'>.out