test_odes_sonic.test_E_φ__<Function 'test_E_φ'><class 'numpy.float64'>.out